// Jest Snapshot v1, https://goo.gl/fbAQLP

exports[`Index page should render 1`] = `
<div>
  <h1>
    Hello!
  </h1>
  <p>
    Iâ€™m Roman and this is my personal website
  </p>
</div>
`;
